
> skarya-pulse@0.1.0 build
> next build

Γû▓ Next.js 16.1.6 (Turbopack)

  Creating an optimized production build ...
Γ£ô Compiled successfully in 11.0s
  Running TypeScript ...
  Collecting page data using 7 workers ...
node.exe : (node:44752) [DEP0040] 
DeprecationWarning: The `punycode` 
module is deprecated. Please use a 
userland alternative instead.
At C:\Program 
Files\nodejs\npm.ps1:29 char:3
+   & $NODE_EXE $NPM_CLI_JS $args
+   ~~~~~~~~~~~~~~~~~~~~~~~~~~~~~
    + CategoryInfo          : NotSp 
   ecified: ((node:44752) [D...nat  
  ive instead.:String) [], Remote   
 Exception
    + FullyQualifiedErrorId : Nativ 
   eCommandError
 
(Use `node --trace-deprecation ...` 
to show where the warning was 
created)
(node:3456) [DEP0040] 
DeprecationWarning: The `punycode` 
module is deprecated. Please use a 
userland alternative instead.
(Use `node --trace-deprecation ...` 
to show where the warning was 
created)
  Generating static pages using 7 workers (0/9) ...
(node:34684) [DEP0040] 
DeprecationWarning: The `punycode` 
module is deprecated. Please use a 
userland alternative instead.
(Use `node --trace-deprecation ...` 
to show where the warning was 
created)
  Generating static pages using 7 workers (2/9) 
  Generating static pages using 7 workers (4/9) 
  Generating static pages using 7 workers (6/9) 
Γ£ô Generating static pages using 7 workers (9/9) in 571.0ms
  Finalizing page optimization ...

Route (app)
Γöî Γùï /
Γö£ Γùï /_not-found
Γö£ ╞Æ /api/brain/chat
Γö£ ╞Æ /api/standup/confirm
Γö£ ╞Æ /api/standup/message
Γö£ ╞Æ /api/standup/start
Γö£ ╞Æ /api/standup/summary
Γö£ Γùï /brain
Γöö Γùï /summary


Γùï  (Static)   prerendered as static content
╞Æ  (Dynamic)  server-rendered on demand

